2017/06/27 16:41:51 [I] [asm_amd64.s:2086] http server Running on http://:8080
2017/06/27 16:41:51 [I] [asm_amd64.s:2086] Admin server Running on :8088
2017/06/27 16:43:13 [I] [asm_amd64.s:2086] http server Running on http://:8080
2017/06/27 16:43:13 [I] [asm_amd64.s:2086] Admin server Running on :8088
2017/06/27 16:43:45 [I] [asm_amd64.s:2086] http server Running on http://:8080
2017/06/27 16:43:45 [I] [asm_amd64.s:2086] Admin server Running on :8088
2017/06/27 16:44:10 [I] [asm_amd64.s:2086] http server Running on http://:8080
2017/06/27 16:44:10 [I] [asm_amd64.s:2086] Admin server Running on :8088
2017/06/27 16:44:13 [I] [asm_amd64.s:2086] http server Running on http://:8080
2017/06/27 16:44:13 [I] [asm_amd64.s:2086] Admin server Running on :8088
2017/06/27 16:46:07 [I] [asm_amd64.s:2086] http server Running on http://:8080
2017/06/27 16:46:07 [I] [asm_amd64.s:2086] Admin server Running on :8088
